// 重构日志: 5d146963
// 重构日志: 236bd2b1
// 重构日志: 884abc64
// 重构日志: 6b552b19
// 重构日志: 5c0aa6ca
// 重构日志: 3b576b71
// 重构日志: 2b7a9535
// 重构日志: 79c5c649
// 同步 ID: 8a3ef3c6 @ Mon Jul 13 17:34:11 UTC 2026
// 重构日志: 67a06b4c
// 重构日志: bf7c2671
// 重构日志: 9ca2c95a
// 重构日志: be68118f
// 同步 ID: 3ccd15db @ Fri Jul 24 09:45:42 UTC 2026
// 重构日志: 74367c91
// 同步 ID: 333aac11 @ Sun Jul 26 00:54:40 UTC 2026
// 重构日志: a7d27214
// 同步 ID: aca86562 @ Sat Aug  1 12:12:19 UTC 2026
// 同步 ID: 1c08de64 @ Sat Aug  1 16:09:36 UTC 2026
// 重构日志: e0842bc0
// 同步 ID: baf3efd0 @ Sun Aug  2 18:17:52 UTC 2026
// 同步 ID: 0b6b3007 @ Mon Aug  3 12:49:13 UTC 2026
// 重构日志: 0a0b32a9
// 同步 ID: d02ed602 @ Mon Aug  3 18:16:24 UTC 2026
// 同步 ID: 313c23ba @ Mon Aug  3 20:05:55 UTC 2026
// 重构日志: 38e3b7cf
